
=== New Request ===
No data received

=== New Request ===
No data received

=== New Request ===
Array
(
    [name] => user_249990787
    [src] => https://unsplash.com/photos/young-asian-travel-woman-is-enjoying-with-beautiful-place-in-bangkok-thailand-_Fqoswmdmoo
    [alt] => Hi
    [artist] => Ur Mom
    [difficulty] => 1
    [size] => 78
)

=== New Request ===
No data received

=== New Request ===
Array
(
    [name] => user_249990787
    [src] => https://unsplash.com/photos/young-asian-travel-woman-is-enjoying-with-beautiful-place-in-bangkok-thailand-_Fqoswmdmoo
    [alt] => lol
    [artist] => Ur Mom
    [difficulty] => 1
    [size] => 78
)

=== New Request ===
Array
(
    [name] => user_249990787
    [src] => https://unsplash.com/photos/young-asian-travel-woman-is-enjoying-with-beautiful-place-in-bangkok-thailand-_Fqoswmdmoo
    [alt] => Hi
    [artist] => Ur Mom
    [difficulty] => 2
    [size] => 12
)
